// Jest Snapshot v1, https://goo.gl/fbAQLP

exports[`logger logs errors to console.log 1`] = `
Array [
  Array [
    "[tracking-schema] ðŸš« tracking data is invalid ðŸš«",
  ],
  Array [
    " ðŸ‘‰  [additionalProperties error]: ROOT should NOT have additional properties (it had 'someParam')",
  ],
  Array [
    " ðŸ‘‰  [required error]: ROOT.thing should have required property 'id'",
  ],
  Array [
    " ðŸ‘‰  [type error]: ROOT.thing should be number",
  ],
]
`;
